// Jest Snapshot v1, https://goo.gl/fbAQLP

exports[`Counter component debe de hacer match con el snapshot 1`] = `
<h2>Counter</h2>
<h2>Counter - 1</h2>
<p>1 <sup>2</sup> = 1</p>
<div class="buttons-container"><button>-1</button><button>-1</button><button>+1</button><button>+1</button></div>
`;
